  Determining projects to restore...
  All projects are up-to-date for restore.
C:\Program Files\dotnet\sdk\10.0.101\Microsoft.Common.CurrentVersion.targets(5381,5): warning MSB3026: Could not copy "D:\Downloads\Harsh-Project\backend\obj\Debug\net10.0\apphost.exe" to "bin\Debug\net10.0\ReincrewBackend.exe". Beginning retry 1 in 1000ms. The process cannot access the file 'D:\Downloads\Harsh-Project\backend\bin\Debug\net10.0\ReincrewBackend.exe' because it is being used by another process. The file is locked by: "ReincrewBackend (24668)" [D:\Downloads\Harsh-Project\backend\ReincrewBackend.csproj]
C:\Program Files\dotnet\sdk\10.0.101\Microsoft.Common.CurrentVersion.targets(5381,5): warning MSB3026: Could not copy "D:\Downloads\Harsh-Project\backend\obj\Debug\net10.0\apphost.exe" to "bin\Debug\net10.0\ReincrewBackend.exe". Beginning retry 2 in 1000ms. The process cannot access the file 'D:\Downloads\Harsh-Project\backend\bin\Debug\net10.0\ReincrewBackend.exe' because it is being used by another process. The file is locked by: "ReincrewBackend (24668)" [D:\Downloads\Harsh-Project\backend\ReincrewBackend.csproj]
C:\Program Files\dotnet\sdk\10.0.101\Microsoft.Common.CurrentVersion.targets(5381,5): warning MSB3026: Could not copy "D:\Downloads\Harsh-Project\backend\obj\Debug\net10.0\apphost.exe" to "bin\Debug\net10.0\ReincrewBackend.exe". Beginning retry 3 in 1000ms. The process cannot access the file 'D:\Downloads\Harsh-Project\backend\bin\Debug\net10.0\ReincrewBackend.exe' because it is being used by another process. The file is locked by: "ReincrewBackend (24668)" [D:\Downloads\Harsh-Project\backend\ReincrewBackend.csproj]
C:\Program Files\dotnet\sdk\10.0.101\Microsoft.Common.CurrentVersion.targets(5381,5): warning MSB3026: Could not copy "D:\Downloads\Harsh-Project\backend\obj\Debug\net10.0\apphost.exe" to "bin\Debug\net10.0\ReincrewBackend.exe". Beginning retry 4 in 1000ms. The process cannot access the file 'D:\Downloads\Harsh-Project\backend\bin\Debug\net10.0\ReincrewBackend.exe' because it is being used by another process. The file is locked by: "ReincrewBackend (24668)" [D:\Downloads\Harsh-Project\backend\ReincrewBackend.csproj]
C:\Program Files\dotnet\sdk\10.0.101\Microsoft.Common.CurrentVersion.targets(5381,5): warning MSB3026: Could not copy "D:\Downloads\Harsh-Project\backend\obj\Debug\net10.0\apphost.exe" to "bin\Debug\net10.0\ReincrewBackend.exe". Beginning retry 5 in 1000ms. The process cannot access the file 'D:\Downloads\Harsh-Project\backend\bin\Debug\net10.0\ReincrewBackend.exe' because it is being used by another process. The file is locked by: "ReincrewBackend (24668)" [D:\Downloads\Harsh-Project\backend\ReincrewBackend.csproj]
C:\Program Files\dotnet\sdk\10.0.101\Microsoft.Common.CurrentVersion.targets(5381,5): warning MSB3026: Could not copy "D:\Downloads\Harsh-Project\backend\obj\Debug\net10.0\apphost.exe" to "bin\Debug\net10.0\ReincrewBackend.exe". Beginning retry 6 in 1000ms. The process cannot access the file 'D:\Downloads\Harsh-Project\backend\bin\Debug\net10.0\ReincrewBackend.exe' because it is being used by another process. The file is locked by: "ReincrewBackend (24668)" [D:\Downloads\Harsh-Project\backend\ReincrewBackend.csproj]
C:\Program Files\dotnet\sdk\10.0.101\Microsoft.Common.CurrentVersion.targets(5381,5): warning MSB3026: Could not copy "D:\Downloads\Harsh-Project\backend\obj\Debug\net10.0\apphost.exe" to "bin\Debug\net10.0\ReincrewBackend.exe". Beginning retry 7 in 1000ms. The process cannot access the file 'D:\Downloads\Harsh-Project\backend\bin\Debug\net10.0\ReincrewBackend.exe' because it is being used by another process. The file is locked by: "ReincrewBackend (24668)" [D:\Downloads\Harsh-Project\backend\ReincrewBackend.csproj]
C:\Program Files\dotnet\sdk\10.0.101\Microsoft.Common.CurrentVersion.targets(5381,5): warning MSB3026: Could not copy "D:\Downloads\Harsh-Project\backend\obj\Debug\net10.0\apphost.exe" to "bin\Debug\net10.0\ReincrewBackend.exe". Beginning retry 8 in 1000ms. The process cannot access the file 'D:\Downloads\Harsh-Project\backend\bin\Debug\net10.0\ReincrewBackend.exe' because it is being used by another process. The file is locked by: "ReincrewBackend (24668)" [D:\Downloads\Harsh-Project\backend\ReincrewBackend.csproj]
C:\Program Files\dotnet\sdk\10.0.101\Microsoft.Common.CurrentVersion.targets(5381,5): warning MSB3026: Could not copy "D:\Downloads\Harsh-Project\backend\obj\Debug\net10.0\apphost.exe" to "bin\Debug\net10.0\ReincrewBackend.exe". Beginning retry 9 in 1000ms. The process cannot access the file 'D:\Downloads\Harsh-Project\backend\bin\Debug\net10.0\ReincrewBackend.exe' because it is being used by another process. The file is locked by: "ReincrewBackend (24668)" [D:\Downloads\Harsh-Project\backend\ReincrewBackend.csproj]
C:\Program Files\dotnet\sdk\10.0.101\Microsoft.Common.CurrentVersion.targets(5381,5): warning MSB3026: Could not copy "D:\Downloads\Harsh-Project\backend\obj\Debug\net10.0\apphost.exe" to "bin\Debug\net10.0\ReincrewBackend.exe". Beginning retry 10 in 1000ms. The process cannot access the file 'D:\Downloads\Harsh-Project\backend\bin\Debug\net10.0\ReincrewBackend.exe' because it is being used by another process. The file is locked by: "ReincrewBackend (24668)" [D:\Downloads\Harsh-Project\backend\ReincrewBackend.csproj]
C:\Program Files\dotnet\sdk\10.0.101\Microsoft.Common.CurrentVersion.targets(5381,5): error MSB3027: Could not copy "D:\Downloads\Harsh-Project\backend\obj\Debug\net10.0\apphost.exe" to "bin\Debug\net10.0\ReincrewBackend.exe". Exceeded retry count of 10. Failed. The file is locked by: "ReincrewBackend (24668)" [D:\Downloads\Harsh-Project\backend\ReincrewBackend.csproj]
C:\Program Files\dotnet\sdk\10.0.101\Microsoft.Common.CurrentVersion.targets(5381,5): error MSB3021: Unable to copy file "D:\Downloads\Harsh-Project\backend\obj\Debug\net10.0\apphost.exe" to "bin\Debug\net10.0\ReincrewBackend.exe". The process cannot access the file 'D:\Downloads\Harsh-Project\backend\bin\Debug\net10.0\ReincrewBackend.exe' because it is being used by another process. [D:\Downloads\Harsh-Project\backend\ReincrewBackend.csproj]

Build FAILED.

C:\Program Files\dotnet\sdk\10.0.101\Microsoft.Common.CurrentVersion.targets(5381,5): warning MSB3026: Could not copy "D:\Downloads\Harsh-Project\backend\obj\Debug\net10.0\apphost.exe" to "bin\Debug\net10.0\ReincrewBackend.exe". Beginning retry 1 in 1000ms. The process cannot access the file 'D:\Downloads\Harsh-Project\backend\bin\Debug\net10.0\ReincrewBackend.exe' because it is being used by another process. The file is locked by: "ReincrewBackend (24668)" [D:\Downloads\Harsh-Project\backend\ReincrewBackend.csproj]
C:\Program Files\dotnet\sdk\10.0.101\Microsoft.Common.CurrentVersion.targets(5381,5): warning MSB3026: Could not copy "D:\Downloads\Harsh-Project\backend\obj\Debug\net10.0\apphost.exe" to "bin\Debug\net10.0\ReincrewBackend.exe". Beginning retry 2 in 1000ms. The process cannot access the file 'D:\Downloads\Harsh-Project\backend\bin\Debug\net10.0\ReincrewBackend.exe' because it is being used by another process. The file is locked by: "ReincrewBackend (24668)" [D:\Downloads\Harsh-Project\backend\ReincrewBackend.csproj]
C:\Program Files\dotnet\sdk\10.0.101\Microsoft.Common.CurrentVersion.targets(5381,5): warning MSB3026: Could not copy "D:\Downloads\Harsh-Project\backend\obj\Debug\net10.0\apphost.exe" to "bin\Debug\net10.0\ReincrewBackend.exe". Beginning retry 3 in 1000ms. The process cannot access the file 'D:\Downloads\Harsh-Project\backend\bin\Debug\net10.0\ReincrewBackend.exe' because it is being used by another process. The file is locked by: "ReincrewBackend (24668)" [D:\Downloads\Harsh-Project\backend\ReincrewBackend.csproj]
C:\Program Files\dotnet\sdk\10.0.101\Microsoft.Common.CurrentVersion.targets(5381,5): warning MSB3026: Could not copy "D:\Downloads\Harsh-Project\backend\obj\Debug\net10.0\apphost.exe" to "bin\Debug\net10.0\ReincrewBackend.exe". Beginning retry 4 in 1000ms. The process cannot access the file 'D:\Downloads\Harsh-Project\backend\bin\Debug\net10.0\ReincrewBackend.exe' because it is being used by another process. The file is locked by: "ReincrewBackend (24668)" [D:\Downloads\Harsh-Project\backend\ReincrewBackend.csproj]
C:\Program Files\dotnet\sdk\10.0.101\Microsoft.Common.CurrentVersion.targets(5381,5): warning MSB3026: Could not copy "D:\Downloads\Harsh-Project\backend\obj\Debug\net10.0\apphost.exe" to "bin\Debug\net10.0\ReincrewBackend.exe". Beginning retry 5 in 1000ms. The process cannot access the file 'D:\Downloads\Harsh-Project\backend\bin\Debug\net10.0\ReincrewBackend.exe' because it is being used by another process. The file is locked by: "ReincrewBackend (24668)" [D:\Downloads\Harsh-Project\backend\ReincrewBackend.csproj]
C:\Program Files\dotnet\sdk\10.0.101\Microsoft.Common.CurrentVersion.targets(5381,5): warning MSB3026: Could not copy "D:\Downloads\Harsh-Project\backend\obj\Debug\net10.0\apphost.exe" to "bin\Debug\net10.0\ReincrewBackend.exe". Beginning retry 6 in 1000ms. The process cannot access the file 'D:\Downloads\Harsh-Project\backend\bin\Debug\net10.0\ReincrewBackend.exe' because it is being used by another process. The file is locked by: "ReincrewBackend (24668)" [D:\Downloads\Harsh-Project\backend\ReincrewBackend.csproj]
C:\Program Files\dotnet\sdk\10.0.101\Microsoft.Common.CurrentVersion.targets(5381,5): warning MSB3026: Could not copy "D:\Downloads\Harsh-Project\backend\obj\Debug\net10.0\apphost.exe" to "bin\Debug\net10.0\ReincrewBackend.exe". Beginning retry 7 in 1000ms. The process cannot access the file 'D:\Downloads\Harsh-Project\backend\bin\Debug\net10.0\ReincrewBackend.exe' because it is being used by another process. The file is locked by: "ReincrewBackend (24668)" [D:\Downloads\Harsh-Project\backend\ReincrewBackend.csproj]
C:\Program Files\dotnet\sdk\10.0.101\Microsoft.Common.CurrentVersion.targets(5381,5): warning MSB3026: Could not copy "D:\Downloads\Harsh-Project\backend\obj\Debug\net10.0\apphost.exe" to "bin\Debug\net10.0\ReincrewBackend.exe". Beginning retry 8 in 1000ms. The process cannot access the file 'D:\Downloads\Harsh-Project\backend\bin\Debug\net10.0\ReincrewBackend.exe' because it is being used by another process. The file is locked by: "ReincrewBackend (24668)" [D:\Downloads\Harsh-Project\backend\ReincrewBackend.csproj]
C:\Program Files\dotnet\sdk\10.0.101\Microsoft.Common.CurrentVersion.targets(5381,5): warning MSB3026: Could not copy "D:\Downloads\Harsh-Project\backend\obj\Debug\net10.0\apphost.exe" to "bin\Debug\net10.0\ReincrewBackend.exe". Beginning retry 9 in 1000ms. The process cannot access the file 'D:\Downloads\Harsh-Project\backend\bin\Debug\net10.0\ReincrewBackend.exe' because it is being used by another process. The file is locked by: "ReincrewBackend (24668)" [D:\Downloads\Harsh-Project\backend\ReincrewBackend.csproj]
C:\Program Files\dotnet\sdk\10.0.101\Microsoft.Common.CurrentVersion.targets(5381,5): warning MSB3026: Could not copy "D:\Downloads\Harsh-Project\backend\obj\Debug\net10.0\apphost.exe" to "bin\Debug\net10.0\ReincrewBackend.exe". Beginning retry 10 in 1000ms. The process cannot access the file 'D:\Downloads\Harsh-Project\backend\bin\Debug\net10.0\ReincrewBackend.exe' because it is being used by another process. The file is locked by: "ReincrewBackend (24668)" [D:\Downloads\Harsh-Project\backend\ReincrewBackend.csproj]
C:\Program Files\dotnet\sdk\10.0.101\Microsoft.Common.CurrentVersion.targets(5381,5): error MSB3027: Could not copy "D:\Downloads\Harsh-Project\backend\obj\Debug\net10.0\apphost.exe" to "bin\Debug\net10.0\ReincrewBackend.exe". Exceeded retry count of 10. Failed. The file is locked by: "ReincrewBackend (24668)" [D:\Downloads\Harsh-Project\backend\ReincrewBackend.csproj]
C:\Program Files\dotnet\sdk\10.0.101\Microsoft.Common.CurrentVersion.targets(5381,5): error MSB3021: Unable to copy file "D:\Downloads\Harsh-Project\backend\obj\Debug\net10.0\apphost.exe" to "bin\Debug\net10.0\ReincrewBackend.exe". The process cannot access the file 'D:\Downloads\Harsh-Project\backend\bin\Debug\net10.0\ReincrewBackend.exe' because it is being used by another process. [D:\Downloads\Harsh-Project\backend\ReincrewBackend.csproj]
    10 Warning(s)
    2 Error(s)

Time Elapsed 00:00:28.21
